// Jest Snapshot v1, https://goo.gl/fbAQLP

exports[`InputUser component should render InputUser 1`] = `
<StoreContext>
  <Memo(wrappedComponent)>
    <form
      className="w-100 mb-5"
      onSubmit={[Function]}
    >
      <input
        className="form-control form-control-lg"
        onChange={[Function]}
        placeholder="Введите имя пользователя"
        type="text"
        value=""
      />
      <div
        className=""
      />
      <input
        className="btn w-100 btn-success mt-3"
        type="submit"
        value="Найти"
      />
    </form>
  </Memo(wrappedComponent)>
</StoreContext>
`;
