// Jest Snapshot v1, https://goo.gl/fbAQLP

exports[`RepoCard component should render RepoCard 1`] = `
<div
  className="card mx-2 mb-3"
  style={
    Object {
      "width": "18rem",
    }
  }
>
  <div
    className="d-flex flex-column card-body"
  >
    <h3
      className="card-title text-success"
    >
      name
    </h3>
    <Memo(wrappedComponent)
      data="descr"
      title="Описание"
    />
    <Memo(wrappedComponent)
      data="JS"
      title="Язык"
    />
    <Memo(wrappedComponent)
      data="NaN:NaN:NaN"
      title="Создан"
    />
    <Memo(wrappedComponent)
      data="NaN:NaN:NaN"
      title="Обновлен"
    />
    <Memo(wrappedComponent)
      data={5}
      title="Forks"
    />
    <Memo(wrappedComponent)
      data={5}
      title="Watchers"
    />
    <Memo(wrappedComponent)
      data={1}
      title="Open Issues"
    />
    <a
      className="btn btn-primary ml-auto mt-auto"
      href="https://google.com"
      target="_blank"
    >
      Перейти к репозиторию
    </a>
  </div>
</div>
`;
