// Jest Snapshot v1, https://goo.gl/fbAQLP

exports[`RepoCardInfo component should empty render RepoCardInfo 1`] = `""`;

exports[`RepoCardInfo component should render RepoCardInfo 1`] = `
<div
  className="w-100 mb-2 bg-light shadow-sm rounded"
>
  <p
    className="mt-0 mb-1 font-weight-bold text-center"
  >
    some title
  </p>
  <p
    className="ml-1 card-text text-center"
  >
    11-22-33
  </p>
</div>
`;
